****** In arena intra Sandu si Mihai ******
###########################################
###############  Luptele 1  ###############
###########################################

------ Se lupta Snorlax cu Neutrel2 ------
Snorlax {HP[62], AN[3], Def[6], SDef[4]}
Neutrel2 {HP[20], AN[4], Def[1], SDef[1]}
--- Caracteristici cu obiecte echipate ---
Snorlax {HP[72], AN[6], Def[8], SDef[6]}
Neutrel2 {HP[20], AN[4], Def[1], SDef[1]}

Runda 1
Snorlax HP [62]
CDs: Abilitate1 [0] / Abilitate2 [0]

Neutrel2 HP [20]

Snorlax foloseste abilitate2 -> 0
Neutrel2 foloseste atac normal -> 0

Runda 2
Snorlax HP [62]
CDs: Abilitate1 [0] / Abilitate2 [5]
Dodged 

Neutrel2 HP [20]

Snorlax foloseste abilitate1 -> 4
Neutrel2 foloseste atac normal -> 0

Runda 3
Snorlax HP [62]
CDs: Abilitate1 [5] / Abilitate2 [4]

Neutrel2 HP [16]
Stunned

Neutrel2 este stunned
Snorlax foloseste atac normal -> 5

Runda 4
Snorlax HP [62]
CDs: Abilitate1 [4] / Abilitate2 [3]

Neutrel2 HP [11]

Snorlax foloseste atac normal -> 5
Neutrel2 foloseste atac normal -> 0

Runda 5
Snorlax HP [62]
CDs: Abilitate1 [3] / Abilitate2 [2]

Neutrel2 HP [6]

Snorlax foloseste atac normal -> 5
Neutrel2 foloseste atac normal -> 0

Runda 6
Snorlax HP [62]
CDs: Abilitate1 [2] / Abilitate2 [1]

Neutrel2 HP [1]

Snorlax foloseste atac normal -> 5
Neutrel2 foloseste atac normal -> 0

---------> A castigat Snorlax <---------
Snorlax {HP[62], AN[3], Def[6], SDef[4]}
				  V
Snorlax {HP[63], AN[4], Def[7], SDef[5]}


------ Se lupta Jigglypuff cu Neutrel2 ------
Jigglypuff {HP[34], AN[4], Def[2], SDef[3]}
Neutrel2 {HP[20], AN[4], Def[1], SDef[1]}
--- Caracteristici cu obiecte echipate ---
Jigglypuff {HP[36], AN[9], Def[5], SDef[5]}
Neutrel2 {HP[20], AN[4], Def[1], SDef[1]}

Runda 1
Jigglypuff HP [34]
CDs: Abilitate1 [0] / Abilitate2 [0]

Neutrel2 HP [20]

Jigglypuff foloseste abilitate2 -> 3
Neutrel2 foloseste atac normal -> 0

Runda 2
Jigglypuff HP [34]
CDs: Abilitate1 [0] / Abilitate2 [4]

Neutrel2 HP [17]
Stunned

Neutrel2 este stunned
Jigglypuff foloseste abilitate1 -> 4

Runda 3
Jigglypuff HP [34]
CDs: Abilitate1 [4] / Abilitate2 [3]

Neutrel2 HP [13]
Stunned

Neutrel2 este stunned
Jigglypuff foloseste atac normal -> 8

Runda 4
Jigglypuff HP [34]
CDs: Abilitate1 [3] / Abilitate2 [2]

Neutrel2 HP [5]

Jigglypuff foloseste atac normal -> 8
Neutrel2 foloseste atac normal -> 0

---------> A castigat Jigglypuff <---------
Jigglypuff {HP[34], AN[4], Def[2], SDef[3]}
				  V
Jigglypuff {HP[35], AN[5], Def[3], SDef[4]}

###########################################
###############  Luptele 2  ###############
###########################################

------ Se lupta Psyduck cu Neutrel2 ------
Psyduck {HP[43], AN[3], Def[3], SDef[3]}
Neutrel2 {HP[20], AN[4], Def[1], SDef[1]}
--- Caracteristici cu obiecte echipate ---
Psyduck {HP[45], AN[5], Def[3], SDef[6]}
Neutrel2 {HP[20], AN[4], Def[1], SDef[1]}

Runda 1
Psyduck HP [43]
CDs: Abilitate1 [0] / Abilitate2 [0]

Neutrel2 HP [20]

Psyduck foloseste atac normal -> 4
Neutrel2 foloseste atac normal -> 1

Runda 2
Psyduck HP [42]
CDs: Abilitate1 [0] / Abilitate2 [0]

Neutrel2 HP [16]

Psyduck foloseste atac normal -> 4
Neutrel2 foloseste atac normal -> 1

Runda 3
Psyduck HP [41]
CDs: Abilitate1 [0] / Abilitate2 [0]

Neutrel2 HP [12]

Psyduck foloseste abilitate1 -> 2
Neutrel2 foloseste atac normal -> 1

Runda 4
Psyduck HP [40]
CDs: Abilitate1 [4] / Abilitate2 [0]

Neutrel2 HP [10]

Psyduck foloseste abilitate2 -> 2
Neutrel2 foloseste atac normal -> 1

Runda 5
Psyduck HP [39]
CDs: Abilitate1 [3] / Abilitate2 [5]

Neutrel2 HP [8]
Stunned

Neutrel2 este stunned
Psyduck foloseste atac normal -> 4

Runda 6
Psyduck HP [39]
CDs: Abilitate1 [2] / Abilitate2 [4]

Neutrel2 HP [4]

Psyduck foloseste atac normal -> 4
Neutrel2 foloseste atac normal -> 1

---------> A castigat Psyduck <---------
Psyduck {HP[43], AN[3], Def[3], SDef[3]}
				  V
Psyduck {HP[44], AN[4], Def[4], SDef[4]}


------ Se lupta Pikachu cu Neutrel2 ------
Pikachu {HP[35], AS[4], Def[2], SDef[3]}
Neutrel2 {HP[20], AN[4], Def[1], SDef[1]}
--- Caracteristici cu obiecte echipate ---
Pikachu {HP[37], AS[6], Def[4], SDef[5]}
Neutrel2 {HP[20], AN[4], Def[1], SDef[1]}

Runda 1
Pikachu HP [35]
CDs: Abilitate1 [0] / Abilitate2 [0]

Neutrel2 HP [20]

Pikachu foloseste abilitate2 -> 4
Neutrel2 foloseste atac normal -> 0

Runda 2
Pikachu HP [35]
CDs: Abilitate1 [0] / Abilitate2 [5]
Dodged 

Neutrel2 HP [16]
Stunned

Neutrel2 este stunned
Pikachu foloseste abilitate1 -> 6

Runda 3
Pikachu HP [35]
CDs: Abilitate1 [4] / Abilitate2 [4]

Neutrel2 HP [10]

Pikachu foloseste atac special -> 5
Neutrel2 foloseste atac normal -> 0

Runda 4
Pikachu HP [35]
CDs: Abilitate1 [3] / Abilitate2 [3]

Neutrel2 HP [5]

Pikachu foloseste atac special -> 5
Neutrel2 foloseste atac normal -> 0

---------> A castigat Pikachu <---------
Pikachu {HP[35], AS[4], Def[2], SDef[3]}
				  V
Pikachu {HP[36], AS[5], Def[3], SDef[4]}

###########################################
###############  Luptele 3  ###############
###########################################

------ Se lupta Snorlax cu Neutrel1 ------
Snorlax {HP[63], AN[4], Def[7], SDef[5]}
Neutrel1 {HP[10], AN[3], Def[1], SDef[1]}
--- Caracteristici cu obiecte echipate ---
Snorlax {HP[73], AN[7], Def[9], SDef[7]}
Neutrel1 {HP[10], AN[3], Def[1], SDef[1]}

Runda 1
Snorlax HP [63]
CDs: Abilitate1 [0] / Abilitate2 [0]

Neutrel1 HP [10]

Snorlax foloseste atac normal -> 6
Neutrel1 foloseste atac normal -> 0

Runda 2
Snorlax HP [63]
CDs: Abilitate1 [0] / Abilitate2 [0]

Neutrel1 HP [4]

Snorlax foloseste atac normal -> 6
Neutrel1 foloseste atac normal -> 0

---------> A castigat Snorlax <---------
Snorlax {HP[63], AN[4], Def[7], SDef[5]}
				  V
Snorlax {HP[64], AN[5], Def[8], SDef[6]}


------ Se lupta Jigglypuff cu Neutrel1 ------
Jigglypuff {HP[35], AN[5], Def[3], SDef[4]}
Neutrel1 {HP[10], AN[3], Def[1], SDef[1]}
--- Caracteristici cu obiecte echipate ---
Jigglypuff {HP[37], AN[10], Def[6], SDef[6]}
Neutrel1 {HP[10], AN[3], Def[1], SDef[1]}

Runda 1
Jigglypuff HP [35]
CDs: Abilitate1 [0] / Abilitate2 [0]

Neutrel1 HP [10]

Jigglypuff foloseste abilitate1 -> 4
Neutrel1 foloseste atac normal -> 0

Runda 2
Jigglypuff HP [35]
CDs: Abilitate1 [4] / Abilitate2 [0]

Neutrel1 HP [6]
Stunned

Neutrel1 este stunned
Jigglypuff foloseste atac normal -> 9

---------> A castigat Jigglypuff <---------
Jigglypuff {HP[35], AN[5], Def[3], SDef[4]}
				  V
Jigglypuff {HP[36], AN[6], Def[4], SDef[5]}

############################################
###########  Luptele semifinale  ###########
############################################

------ Se lupta Psyduck cu Pikachu ------
Psyduck {HP[44], AN[4], Def[4], SDef[4]}
Pikachu {HP[36], AS[5], Def[3], SDef[4]}
--- Caracteristici cu obiecte echipate ---
Psyduck {HP[46], AN[6], Def[4], SDef[7]}
Pikachu {HP[38], AS[7], Def[5], SDef[6]}

Runda 1
Psyduck HP [44]
CDs: Abilitate1 [0] / Abilitate2 [0]

Pikachu HP [36]
CDs: Abilitate1 [0] / Abilitate2 [0]

Psyduck foloseste abilitate1 -> 2
Pikachu foloseste atac special -> 0

Runda 2
Psyduck HP [44]
CDs: Abilitate1 [4] / Abilitate2 [0]

Pikachu HP [34]
CDs: Abilitate1 [0] / Abilitate2 [0]

Psyduck foloseste abilitate2 -> 2
Pikachu foloseste abilitate1 -> 6

Runda 3
Psyduck HP [38]
CDs: Abilitate1 [3] / Abilitate2 [5]

Pikachu HP [32]
CDs: Abilitate1 [4] / Abilitate2 [0]
Stunned

Pikachu este stunned
Psyduck foloseste atac normal -> 1

Runda 4
Psyduck HP [38]
CDs: Abilitate1 [2] / Abilitate2 [4]

Pikachu HP [31]
CDs: Abilitate1 [3] / Abilitate2 [0]

Psyduck foloseste atac normal -> 1
Pikachu foloseste abilitate2 -> 4

Runda 5
Psyduck HP [34]
CDs: Abilitate1 [1] / Abilitate2 [3]
Stunned

Pikachu HP [31]
CDs: Abilitate1 [2] / Abilitate2 [5]
Dodged 

Psyduck este stunned
Pikachu foloseste atac special -> 0

Runda 6
Psyduck HP [34]
CDs: Abilitate1 [0] / Abilitate2 [2]

Pikachu HP [31]
CDs: Abilitate1 [1] / Abilitate2 [4]

Psyduck foloseste atac normal -> 1
Pikachu foloseste atac special -> 0

Runda 7
Psyduck HP [34]
CDs: Abilitate1 [0] / Abilitate2 [1]

Pikachu HP [30]
CDs: Abilitate1 [0] / Abilitate2 [3]

Psyduck foloseste abilitate1 -> 2
Pikachu foloseste abilitate1 -> 6

Runda 8
Psyduck HP [28]
CDs: Abilitate1 [4] / Abilitate2 [0]

Pikachu HP [28]
CDs: Abilitate1 [4] / Abilitate2 [2]

Psyduck foloseste atac normal -> 1
Pikachu foloseste atac special -> 0

Runda 9
Psyduck HP [28]
CDs: Abilitate1 [3] / Abilitate2 [0]

Pikachu HP [27]
CDs: Abilitate1 [3] / Abilitate2 [1]

Psyduck foloseste abilitate2 -> 2
Pikachu foloseste atac special -> 0

Runda 10
Psyduck HP [28]
CDs: Abilitate1 [2] / Abilitate2 [5]

Pikachu HP [25]
CDs: Abilitate1 [2] / Abilitate2 [0]
Stunned

Pikachu este stunned
Psyduck foloseste atac normal -> 1

Runda 11
Psyduck HP [28]
CDs: Abilitate1 [1] / Abilitate2 [4]

Pikachu HP [24]
CDs: Abilitate1 [1] / Abilitate2 [0]

Psyduck foloseste atac normal -> 1
Pikachu foloseste abilitate2 -> 4

Runda 12
Psyduck HP [24]
CDs: Abilitate1 [0] / Abilitate2 [3]
Stunned

Pikachu HP [24]
CDs: Abilitate1 [0] / Abilitate2 [5]
Dodged 

Psyduck este stunned
Pikachu foloseste abilitate1 -> 6

Runda 13
Psyduck HP [18]
CDs: Abilitate1 [0] / Abilitate2 [2]

Pikachu HP [24]
CDs: Abilitate1 [4] / Abilitate2 [4]

Psyduck foloseste abilitate1 -> 2
Pikachu foloseste atac special -> 0

Runda 14
Psyduck HP [18]
CDs: Abilitate1 [4] / Abilitate2 [1]

Pikachu HP [22]
CDs: Abilitate1 [3] / Abilitate2 [3]

Psyduck foloseste atac normal -> 1
Pikachu foloseste atac special -> 0

Runda 15
Psyduck HP [18]
CDs: Abilitate1 [3] / Abilitate2 [0]

Pikachu HP [21]
CDs: Abilitate1 [2] / Abilitate2 [2]

Psyduck foloseste abilitate2 -> 2
Pikachu foloseste atac special -> 0

Runda 16
Psyduck HP [18]
CDs: Abilitate1 [2] / Abilitate2 [5]

Pikachu HP [19]
CDs: Abilitate1 [1] / Abilitate2 [1]
Stunned

Pikachu este stunned
Psyduck foloseste atac normal -> 1

Runda 17
Psyduck HP [18]
CDs: Abilitate1 [1] / Abilitate2 [4]

Pikachu HP [18]
CDs: Abilitate1 [0] / Abilitate2 [0]

Psyduck foloseste atac normal -> 1
Pikachu foloseste abilitate1 -> 6

Runda 18
Psyduck HP [12]
CDs: Abilitate1 [0] / Abilitate2 [3]

Pikachu HP [17]
CDs: Abilitate1 [4] / Abilitate2 [0]

Psyduck foloseste atac normal -> 1
Pikachu foloseste abilitate2 -> 4

Runda 19
Psyduck HP [8]
CDs: Abilitate1 [0] / Abilitate2 [2]
Stunned

Pikachu HP [17]
CDs: Abilitate1 [3] / Abilitate2 [5]
Dodged 

Psyduck este stunned
Pikachu foloseste atac special -> 0

Runda 20
Psyduck HP [8]
CDs: Abilitate1 [0] / Abilitate2 [1]

Pikachu HP [17]
CDs: Abilitate1 [2] / Abilitate2 [4]

Psyduck foloseste abilitate1 -> 2
Pikachu foloseste atac special -> 0

Runda 21
Psyduck HP [8]
CDs: Abilitate1 [4] / Abilitate2 [0]

Pikachu HP [15]
CDs: Abilitate1 [1] / Abilitate2 [3]

Psyduck foloseste atac normal -> 1
Pikachu foloseste atac special -> 0

Runda 22
Psyduck HP [8]
CDs: Abilitate1 [3] / Abilitate2 [0]

Pikachu HP [14]
CDs: Abilitate1 [0] / Abilitate2 [2]

Psyduck foloseste abilitate2 -> 2
Pikachu foloseste atac special -> 0

Runda 23
Psyduck HP [8]
CDs: Abilitate1 [2] / Abilitate2 [5]

Pikachu HP [12]
CDs: Abilitate1 [0] / Abilitate2 [1]
Stunned

Pikachu este stunned
Psyduck foloseste atac normal -> 1

Runda 24
Psyduck HP [8]
CDs: Abilitate1 [1] / Abilitate2 [4]

Pikachu HP [11]
CDs: Abilitate1 [0] / Abilitate2 [0]

Psyduck foloseste atac normal -> 1
Pikachu foloseste atac special -> 0

Runda 25
Psyduck HP [8]
CDs: Abilitate1 [0] / Abilitate2 [3]

Pikachu HP [10]
CDs: Abilitate1 [0] / Abilitate2 [0]

Psyduck foloseste abilitate1 -> 2
Pikachu foloseste atac special -> 0

Runda 26
Psyduck HP [8]
CDs: Abilitate1 [4] / Abilitate2 [2]

Pikachu HP [8]
CDs: Abilitate1 [0] / Abilitate2 [0]

Psyduck foloseste atac normal -> 1
Pikachu foloseste abilitate2 -> 4

Runda 27
Psyduck HP [4]
CDs: Abilitate1 [3] / Abilitate2 [1]
Stunned

Pikachu HP [8]
CDs: Abilitate1 [0] / Abilitate2 [5]
Dodged 

Psyduck este stunned
Pikachu foloseste abilitate1 -> 6

---------> A castigat Pikachu <---------
Pikachu {HP[36], AS[5], Def[3], SDef[4]}
				  V
Pikachu {HP[37], AS[6], Def[4], SDef[5]}


------ Se lupta Jigglypuff cu Psyduck ------
Jigglypuff {HP[34], AN[4], Def[2], SDef[3]}
Psyduck {HP[43], AN[3], Def[3], SDef[3]}
--- Caracteristici cu obiecte echipate ---
Jigglypuff {HP[36], AN[6], Def[4], SDef[5]}
Psyduck {HP[43], AN[6], Def[5], SDef[8]}

Runda 1
Jigglypuff HP [34]
CDs: Abilitate1 [0] / Abilitate2 [0]

Psyduck HP [43]
CDs: Abilitate1 [0] / Abilitate2 [0]

Jigglypuff foloseste abilitate1 -> 4
Psyduck foloseste abilitate1 -> 2

Runda 2
Jigglypuff HP [32]
CDs: Abilitate1 [4] / Abilitate2 [0]

Psyduck HP [39]
CDs: Abilitate1 [4] / Abilitate2 [0]
Stunned

Psyduck este stunned
Jigglypuff foloseste abilitate2 -> 3

Runda 3
Jigglypuff HP [32]
CDs: Abilitate1 [3] / Abilitate2 [4]

Psyduck HP [36]
CDs: Abilitate1 [3] / Abilitate2 [0]
Stunned

Psyduck este stunned
Jigglypuff foloseste atac normal -> 1

Runda 4
Jigglypuff HP [32]
CDs: Abilitate1 [2] / Abilitate2 [3]

Psyduck HP [35]
CDs: Abilitate1 [2] / Abilitate2 [0]

Jigglypuff foloseste atac normal -> 1
Psyduck foloseste abilitate2 -> 2

Runda 5
Jigglypuff HP [30]
CDs: Abilitate1 [1] / Abilitate2 [2]
Stunned

Psyduck HP [34]
CDs: Abilitate1 [1] / Abilitate2 [5]

Jigglypuff este stunned
Psyduck foloseste atac normal -> 2

Runda 6
Jigglypuff HP [28]
CDs: Abilitate1 [0] / Abilitate2 [1]

Psyduck HP [34]
CDs: Abilitate1 [0] / Abilitate2 [4]

Jigglypuff foloseste abilitate1 -> 4
Psyduck foloseste abilitate1 -> 2

Runda 7
Jigglypuff HP [26]
CDs: Abilitate1 [4] / Abilitate2 [0]

Psyduck HP [30]
CDs: Abilitate1 [4] / Abilitate2 [3]
Stunned

Psyduck este stunned
Jigglypuff foloseste atac normal -> 1

Runda 8
Jigglypuff HP [26]
CDs: Abilitate1 [3] / Abilitate2 [0]

Psyduck HP [29]
CDs: Abilitate1 [3] / Abilitate2 [2]

Jigglypuff foloseste abilitate2 -> 3
Psyduck foloseste atac normal -> 2

Runda 9
Jigglypuff HP [24]
CDs: Abilitate1 [2] / Abilitate2 [4]

Psyduck HP [26]
CDs: Abilitate1 [2] / Abilitate2 [1]
Stunned

Psyduck este stunned
Jigglypuff foloseste atac normal -> 1

Runda 10
Jigglypuff HP [24]
CDs: Abilitate1 [1] / Abilitate2 [3]

Psyduck HP [25]
CDs: Abilitate1 [1] / Abilitate2 [0]

Jigglypuff foloseste atac normal -> 1
Psyduck foloseste abilitate2 -> 2

Runda 11
Jigglypuff HP [22]
CDs: Abilitate1 [0] / Abilitate2 [2]
Stunned

Psyduck HP [24]
CDs: Abilitate1 [0] / Abilitate2 [5]

Jigglypuff este stunned
Psyduck foloseste atac normal -> 2

Runda 12
Jigglypuff HP [20]
CDs: Abilitate1 [0] / Abilitate2 [1]

Psyduck HP [24]
CDs: Abilitate1 [0] / Abilitate2 [4]

Jigglypuff foloseste abilitate1 -> 4
Psyduck foloseste abilitate1 -> 2

Runda 13
Jigglypuff HP [18]
CDs: Abilitate1 [4] / Abilitate2 [0]

Psyduck HP [20]
CDs: Abilitate1 [4] / Abilitate2 [3]
Stunned

Psyduck este stunned
Jigglypuff foloseste atac normal -> 1

Runda 14
Jigglypuff HP [18]
CDs: Abilitate1 [3] / Abilitate2 [0]

Psyduck HP [19]
CDs: Abilitate1 [3] / Abilitate2 [2]

Jigglypuff foloseste atac normal -> 1
Psyduck foloseste atac normal -> 2

Runda 15
Jigglypuff HP [16]
CDs: Abilitate1 [2] / Abilitate2 [0]

Psyduck HP [18]
CDs: Abilitate1 [2] / Abilitate2 [1]

Jigglypuff foloseste abilitate2 -> 3
Psyduck foloseste atac normal -> 2

Runda 16
Jigglypuff HP [14]
CDs: Abilitate1 [1] / Abilitate2 [4]

Psyduck HP [15]
CDs: Abilitate1 [1] / Abilitate2 [0]
Stunned

Psyduck este stunned
Jigglypuff foloseste atac normal -> 1

Runda 17
Jigglypuff HP [14]
CDs: Abilitate1 [0] / Abilitate2 [3]

Psyduck HP [14]
CDs: Abilitate1 [0] / Abilitate2 [0]

Jigglypuff foloseste abilitate1 -> 4
Psyduck foloseste atac normal -> 2

Runda 18
Jigglypuff HP [12]
CDs: Abilitate1 [4] / Abilitate2 [2]

Psyduck HP [10]
CDs: Abilitate1 [0] / Abilitate2 [0]
Stunned

Psyduck este stunned
Jigglypuff foloseste atac normal -> 1

Runda 19
Jigglypuff HP [12]
CDs: Abilitate1 [3] / Abilitate2 [1]

Psyduck HP [9]
CDs: Abilitate1 [0] / Abilitate2 [0]

Jigglypuff foloseste atac normal -> 1
Psyduck foloseste abilitate1 -> 2

Runda 20
Jigglypuff HP [10]
CDs: Abilitate1 [2] / Abilitate2 [0]

Psyduck HP [8]
CDs: Abilitate1 [4] / Abilitate2 [0]

Jigglypuff foloseste abilitate2 -> 3
Psyduck foloseste abilitate2 -> 2

Runda 21
Jigglypuff HP [8]
CDs: Abilitate1 [1] / Abilitate2 [4]
Stunned

Psyduck HP [5]
CDs: Abilitate1 [3] / Abilitate2 [5]
Stunned

Jigglypuff este stunned
Psyduck este stunned

Runda 22
Jigglypuff HP [8]
CDs: Abilitate1 [0] / Abilitate2 [3]

Psyduck HP [5]
CDs: Abilitate1 [2] / Abilitate2 [4]

Jigglypuff foloseste abilitate1 -> 4
Psyduck foloseste atac normal -> 2

Runda 23
Jigglypuff HP [6]
CDs: Abilitate1 [4] / Abilitate2 [2]

Psyduck HP [1]
CDs: Abilitate1 [1] / Abilitate2 [3]
Stunned

Psyduck este stunned
Jigglypuff foloseste atac normal -> 1

---------> A castigat Jigglypuff <---------
Jigglypuff {HP[34], AN[4], Def[2], SDef[3]}
				  V
Jigglypuff {HP[35], AN[5], Def[3], SDef[4]}


------ Se lupta Snorlax cu Jigglypuff ------
Snorlax {HP[64], AN[5], Def[8], SDef[6]}
Jigglypuff {HP[36], AN[6], Def[4], SDef[5]}
--- Caracteristici cu obiecte echipate ---
Snorlax {HP[74], AN[8], Def[10], SDef[8]}
Jigglypuff {HP[38], AN[11], Def[7], SDef[7]}

Runda 1
Snorlax HP [64]
CDs: Abilitate1 [0] / Abilitate2 [0]

Jigglypuff HP [36]
CDs: Abilitate1 [0] / Abilitate2 [0]

Snorlax foloseste atac normal -> 1
Jigglypuff foloseste atac normal -> 1

Runda 2
Snorlax HP [63]
CDs: Abilitate1 [0] / Abilitate2 [0]

Jigglypuff HP [35]
CDs: Abilitate1 [0] / Abilitate2 [0]

Snorlax foloseste abilitate2 -> 0
Jigglypuff foloseste abilitate2 -> 3

Runda 3
Snorlax HP [63]
CDs: Abilitate1 [0] / Abilitate2 [5]
Dodged Stunned

Jigglypuff HP [35]
CDs: Abilitate1 [0] / Abilitate2 [4]

Snorlax este stunned
Jigglypuff foloseste atac normal -> 1

Runda 4
Snorlax HP [62]
CDs: Abilitate1 [0] / Abilitate2 [4]

Jigglypuff HP [35]
CDs: Abilitate1 [0] / Abilitate2 [3]

Snorlax foloseste abilitate1 -> 4
Jigglypuff foloseste abilitate1 -> 4

Runda 5
Snorlax HP [58]
CDs: Abilitate1 [5] / Abilitate2 [3]
Stunned

Jigglypuff HP [31]
CDs: Abilitate1 [4] / Abilitate2 [2]
Stunned

Snorlax este stunned
Jigglypuff este stunned

Runda 6
Snorlax HP [58]
CDs: Abilitate1 [4] / Abilitate2 [2]

Jigglypuff HP [31]
CDs: Abilitate1 [3] / Abilitate2 [1]

Snorlax foloseste atac normal -> 1
Jigglypuff foloseste atac normal -> 1

Runda 7
Snorlax HP [57]
CDs: Abilitate1 [3] / Abilitate2 [1]

Jigglypuff HP [30]
CDs: Abilitate1 [2] / Abilitate2 [0]

Snorlax foloseste atac normal -> 1
Jigglypuff foloseste abilitate2 -> 3

Runda 8
Snorlax HP [54]
CDs: Abilitate1 [2] / Abilitate2 [0]
Stunned

Jigglypuff HP [29]
CDs: Abilitate1 [1] / Abilitate2 [4]

Snorlax este stunned
Jigglypuff foloseste atac normal -> 1

Runda 9
Snorlax HP [53]
CDs: Abilitate1 [1] / Abilitate2 [0]

Jigglypuff HP [29]
CDs: Abilitate1 [0] / Abilitate2 [3]

Snorlax foloseste abilitate2 -> 0
Jigglypuff foloseste abilitate1 -> 4

Runda 10
Snorlax HP [53]
CDs: Abilitate1 [0] / Abilitate2 [5]
Dodged Stunned

Jigglypuff HP [29]
CDs: Abilitate1 [4] / Abilitate2 [2]

Snorlax este stunned
Jigglypuff foloseste atac normal -> 1

Runda 11
Snorlax HP [52]
CDs: Abilitate1 [0] / Abilitate2 [4]

Jigglypuff HP [29]
CDs: Abilitate1 [3] / Abilitate2 [1]

Snorlax foloseste abilitate1 -> 4
Jigglypuff foloseste atac normal -> 1

Runda 12
Snorlax HP [51]
CDs: Abilitate1 [5] / Abilitate2 [3]

Jigglypuff HP [25]
CDs: Abilitate1 [2] / Abilitate2 [0]
Stunned

Jigglypuff este stunned
Snorlax foloseste atac normal -> 1

Runda 13
Snorlax HP [51]
CDs: Abilitate1 [4] / Abilitate2 [2]

Jigglypuff HP [24]
CDs: Abilitate1 [1] / Abilitate2 [0]

Snorlax foloseste atac normal -> 1
Jigglypuff foloseste abilitate2 -> 3

Runda 14
Snorlax HP [48]
CDs: Abilitate1 [3] / Abilitate2 [1]
Stunned

Jigglypuff HP [23]
CDs: Abilitate1 [0] / Abilitate2 [4]

Snorlax este stunned
Jigglypuff foloseste abilitate1 -> 4

Runda 15
Snorlax HP [44]
CDs: Abilitate1 [2] / Abilitate2 [0]
Stunned

Jigglypuff HP [23]
CDs: Abilitate1 [4] / Abilitate2 [3]

Snorlax este stunned
Jigglypuff foloseste atac normal -> 1

Runda 16
Snorlax HP [43]
CDs: Abilitate1 [1] / Abilitate2 [0]

Jigglypuff HP [23]
CDs: Abilitate1 [3] / Abilitate2 [2]

Snorlax foloseste abilitate2 -> 0
Jigglypuff foloseste atac normal -> 1

Runda 17
Snorlax HP [43]
CDs: Abilitate1 [0] / Abilitate2 [5]
Dodged 

Jigglypuff HP [23]
CDs: Abilitate1 [2] / Abilitate2 [1]

Snorlax foloseste abilitate1 -> 4
Jigglypuff foloseste atac normal -> 1

Runda 18
Snorlax HP [42]
CDs: Abilitate1 [5] / Abilitate2 [4]

Jigglypuff HP [19]
CDs: Abilitate1 [1] / Abilitate2 [0]
Stunned

Jigglypuff este stunned
Snorlax foloseste atac normal -> 1

Runda 19
Snorlax HP [42]
CDs: Abilitate1 [4] / Abilitate2 [3]

Jigglypuff HP [18]
CDs: Abilitate1 [0] / Abilitate2 [0]

Snorlax foloseste atac normal -> 1
Jigglypuff foloseste abilitate1 -> 4

Runda 20
Snorlax HP [38]
CDs: Abilitate1 [3] / Abilitate2 [2]
Stunned

Jigglypuff HP [17]
CDs: Abilitate1 [4] / Abilitate2 [0]

Snorlax este stunned
Jigglypuff foloseste abilitate2 -> 3

Runda 21
Snorlax HP [35]
CDs: Abilitate1 [2] / Abilitate2 [1]
Stunned

Jigglypuff HP [17]
CDs: Abilitate1 [3] / Abilitate2 [4]

Snorlax este stunned
Jigglypuff foloseste atac normal -> 1

Runda 22
Snorlax HP [34]
CDs: Abilitate1 [1] / Abilitate2 [0]

Jigglypuff HP [17]
CDs: Abilitate1 [2] / Abilitate2 [3]

Snorlax foloseste abilitate2 -> 0
Jigglypuff foloseste atac normal -> 1

Runda 23
Snorlax HP [34]
CDs: Abilitate1 [0] / Abilitate2 [5]
Dodged 

Jigglypuff HP [17]
CDs: Abilitate1 [1] / Abilitate2 [2]

Snorlax foloseste atac normal -> 1
Jigglypuff foloseste atac normal -> 1

Runda 24
Snorlax HP [33]
CDs: Abilitate1 [0] / Abilitate2 [4]

Jigglypuff HP [16]
CDs: Abilitate1 [0] / Abilitate2 [1]

Snorlax foloseste abilitate1 -> 4
Jigglypuff foloseste abilitate1 -> 4

Runda 25
Snorlax HP [29]
CDs: Abilitate1 [5] / Abilitate2 [3]
Stunned

Jigglypuff HP [12]
CDs: Abilitate1 [4] / Abilitate2 [0]
Stunned

Snorlax este stunned
Jigglypuff este stunned

Runda 26
Snorlax HP [29]
CDs: Abilitate1 [4] / Abilitate2 [2]

Jigglypuff HP [12]
CDs: Abilitate1 [3] / Abilitate2 [0]

Snorlax foloseste atac normal -> 1
Jigglypuff foloseste atac normal -> 1

Runda 27
Snorlax HP [28]
CDs: Abilitate1 [3] / Abilitate2 [1]

Jigglypuff HP [11]
CDs: Abilitate1 [2] / Abilitate2 [0]

Snorlax foloseste atac normal -> 1
Jigglypuff foloseste atac normal -> 1

Runda 28
Snorlax HP [27]
CDs: Abilitate1 [2] / Abilitate2 [0]

Jigglypuff HP [10]
CDs: Abilitate1 [1] / Abilitate2 [0]

Snorlax foloseste atac normal -> 1
Jigglypuff foloseste abilitate2 -> 3

Runda 29
Snorlax HP [24]
CDs: Abilitate1 [1] / Abilitate2 [0]
Stunned

Jigglypuff HP [9]
CDs: Abilitate1 [0] / Abilitate2 [4]

Snorlax este stunned
Jigglypuff foloseste abilitate1 -> 4

Runda 30
Snorlax HP [20]
CDs: Abilitate1 [0] / Abilitate2 [0]
Stunned

Jigglypuff HP [9]
CDs: Abilitate1 [4] / Abilitate2 [3]

Snorlax este stunned
Jigglypuff foloseste atac normal -> 1

Runda 31
Snorlax HP [19]
CDs: Abilitate1 [0] / Abilitate2 [0]

Jigglypuff HP [9]
CDs: Abilitate1 [3] / Abilitate2 [2]

Snorlax foloseste atac normal -> 1
Jigglypuff foloseste atac normal -> 1

Runda 32
Snorlax HP [18]
CDs: Abilitate1 [0] / Abilitate2 [0]

Jigglypuff HP [8]
CDs: Abilitate1 [2] / Abilitate2 [1]

Snorlax foloseste abilitate1 -> 4
Jigglypuff foloseste atac normal -> 1

Runda 33
Snorlax HP [17]
CDs: Abilitate1 [5] / Abilitate2 [0]

Jigglypuff HP [4]
CDs: Abilitate1 [1] / Abilitate2 [0]
Stunned

Jigglypuff este stunned
Snorlax foloseste atac normal -> 1

Runda 34
Snorlax HP [17]
CDs: Abilitate1 [4] / Abilitate2 [0]

Jigglypuff HP [3]
CDs: Abilitate1 [0] / Abilitate2 [0]

Snorlax foloseste abilitate2 -> 0
Jigglypuff foloseste abilitate1 -> 4

Runda 35
Snorlax HP [17]
CDs: Abilitate1 [3] / Abilitate2 [5]
Dodged Stunned

Jigglypuff HP [3]
CDs: Abilitate1 [4] / Abilitate2 [0]

Snorlax este stunned
Jigglypuff foloseste atac normal -> 1

Runda 36
Snorlax HP [16]
CDs: Abilitate1 [2] / Abilitate2 [4]

Jigglypuff HP [3]
CDs: Abilitate1 [3] / Abilitate2 [0]

Snorlax foloseste atac normal -> 1
Jigglypuff foloseste abilitate2 -> 3

Runda 37
Snorlax HP [13]
CDs: Abilitate1 [1] / Abilitate2 [3]
Stunned

Jigglypuff HP [2]
CDs: Abilitate1 [2] / Abilitate2 [4]

Snorlax este stunned
Jigglypuff foloseste atac normal -> 1

Runda 38
Snorlax HP [12]
CDs: Abilitate1 [0] / Abilitate2 [2]

Jigglypuff HP [2]
CDs: Abilitate1 [1] / Abilitate2 [3]

Snorlax foloseste abilitate1 -> 4
Jigglypuff foloseste atac normal -> 1

---------> A castigat Snorlax <---------
Snorlax {HP[64], AN[5], Def[8], SDef[6]}
				  V
Snorlax {HP[65], AN[6], Def[9], SDef[7]}

############################################
##############  Lupta finala  ##############
############################################

------ Se lupta Snorlax cu Pikachu ------
Snorlax {HP[65], AN[6], Def[9], SDef[7]}
Pikachu {HP[37], AS[6], Def[4], SDef[5]}
--- Caracteristici cu obiecte echipate ---
Snorlax {HP[75], AN[9], Def[11], SDef[9]}
Pikachu {HP[39], AS[8], Def[6], SDef[7]}

Runda 1
Snorlax HP [65]
CDs: Abilitate1 [0] / Abilitate2 [0]

Pikachu HP [37]
CDs: Abilitate1 [0] / Abilitate2 [0]

Snorlax foloseste atac normal -> 3
Pikachu foloseste atac special -> 0

Runda 2
Snorlax HP [65]
CDs: Abilitate1 [0] / Abilitate2 [0]

Pikachu HP [34]
CDs: Abilitate1 [0] / Abilitate2 [0]

Snorlax foloseste abilitate1 -> 4
Pikachu foloseste abilitate1 -> 6

Runda 3
Snorlax HP [59]
CDs: Abilitate1 [5] / Abilitate2 [0]

Pikachu HP [30]
CDs: Abilitate1 [4] / Abilitate2 [0]
Stunned

Pikachu este stunned
Snorlax foloseste atac normal -> 3

Runda 4
Snorlax HP [59]
CDs: Abilitate1 [4] / Abilitate2 [0]

Pikachu HP [27]
CDs: Abilitate1 [3] / Abilitate2 [0]

Snorlax foloseste abilitate2 -> 0
Pikachu foloseste atac special -> 0

Runda 5
Snorlax HP [59]
CDs: Abilitate1 [3] / Abilitate2 [5]
Dodged 

Pikachu HP [27]
CDs: Abilitate1 [2] / Abilitate2 [0]

Snorlax foloseste atac normal -> 3
Pikachu foloseste abilitate2 -> 4

Runda 6
Snorlax HP [55]
CDs: Abilitate1 [2] / Abilitate2 [4]
Stunned

Pikachu HP [27]
CDs: Abilitate1 [1] / Abilitate2 [5]
Dodged 

Snorlax este stunned
Pikachu foloseste atac special -> 0

Runda 7
Snorlax HP [55]
CDs: Abilitate1 [1] / Abilitate2 [3]

Pikachu HP [27]
CDs: Abilitate1 [0] / Abilitate2 [4]

Snorlax foloseste atac normal -> 3
Pikachu foloseste abilitate1 -> 6

Runda 8
Snorlax HP [49]
CDs: Abilitate1 [0] / Abilitate2 [2]

Pikachu HP [24]
CDs: Abilitate1 [4] / Abilitate2 [3]

Snorlax foloseste atac normal -> 3
Pikachu foloseste atac special -> 0

Runda 9
Snorlax HP [49]
CDs: Abilitate1 [0] / Abilitate2 [1]

Pikachu HP [21]
CDs: Abilitate1 [3] / Abilitate2 [2]

Snorlax foloseste abilitate1 -> 4
Pikachu foloseste atac special -> 0

Runda 10
Snorlax HP [49]
CDs: Abilitate1 [5] / Abilitate2 [0]

Pikachu HP [17]
CDs: Abilitate1 [2] / Abilitate2 [1]
Stunned

Pikachu este stunned
Snorlax foloseste abilitate2 -> 0

Runda 11
Snorlax HP [49]
CDs: Abilitate1 [4] / Abilitate2 [5]
Dodged 

Pikachu HP [17]
CDs: Abilitate1 [1] / Abilitate2 [0]

Snorlax foloseste atac normal -> 3
Pikachu foloseste abilitate2 -> 4

Runda 12
Snorlax HP [45]
CDs: Abilitate1 [3] / Abilitate2 [4]
Stunned

Pikachu HP [17]
CDs: Abilitate1 [0] / Abilitate2 [5]
Dodged 

Snorlax este stunned
Pikachu foloseste atac special -> 0

Runda 13
Snorlax HP [45]
CDs: Abilitate1 [2] / Abilitate2 [3]

Pikachu HP [17]
CDs: Abilitate1 [0] / Abilitate2 [4]

Snorlax foloseste atac normal -> 3
Pikachu foloseste atac special -> 0

Runda 14
Snorlax HP [45]
CDs: Abilitate1 [1] / Abilitate2 [2]

Pikachu HP [14]
CDs: Abilitate1 [0] / Abilitate2 [3]

Snorlax foloseste atac normal -> 3
Pikachu foloseste atac special -> 0

Runda 15
Snorlax HP [45]
CDs: Abilitate1 [0] / Abilitate2 [1]

Pikachu HP [11]
CDs: Abilitate1 [0] / Abilitate2 [2]

Snorlax foloseste atac normal -> 3
Pikachu foloseste abilitate1 -> 6

Runda 16
Snorlax HP [39]
CDs: Abilitate1 [0] / Abilitate2 [0]

Pikachu HP [8]
CDs: Abilitate1 [4] / Abilitate2 [1]

Snorlax foloseste atac normal -> 3
Pikachu foloseste atac special -> 0

Runda 17
Snorlax HP [39]
CDs: Abilitate1 [0] / Abilitate2 [0]

Pikachu HP [5]
CDs: Abilitate1 [3] / Abilitate2 [0]

Snorlax foloseste atac normal -> 3
Pikachu foloseste abilitate2 -> 4

Runda 18
Snorlax HP [35]
CDs: Abilitate1 [0] / Abilitate2 [0]
Stunned

Pikachu HP [5]
CDs: Abilitate1 [2] / Abilitate2 [5]
Dodged 

Snorlax este stunned
Pikachu foloseste atac special -> 0

Runda 19
Snorlax HP [35]
CDs: Abilitate1 [0] / Abilitate2 [0]

Pikachu HP [5]
CDs: Abilitate1 [1] / Abilitate2 [4]

Snorlax foloseste abilitate2 -> 0
Pikachu foloseste atac special -> 0

Runda 20
Snorlax HP [35]
CDs: Abilitate1 [0] / Abilitate2 [5]
Dodged 

Pikachu HP [5]
CDs: Abilitate1 [0] / Abilitate2 [3]

Snorlax foloseste atac normal -> 3
Pikachu foloseste abilitate1 -> 6

Runda 21
Snorlax HP [29]
CDs: Abilitate1 [0] / Abilitate2 [4]

Pikachu HP [2]
CDs: Abilitate1 [4] / Abilitate2 [2]

Snorlax foloseste abilitate1 -> 4
Pikachu foloseste atac special -> 0

---------> A castigat Snorlax <---------
Snorlax {HP[65], AN[6], Def[9], SDef[7]}
				  V
Snorlax {HP[66], AN[7], Def[10], SDef[8]}

##  Sandu a iesit castigator din arena  ##
